// Jest Snapshot v1, https://goo.gl/fbAQLP

exports[`should fail to create multiple misconfigured functions 1`] = `[Error: Failed to configure the Event Gateway. Failed to register the function myFunctionTwo due the error: Function doesn't validate. Validation error: "Missing required fields for HTTP endpoint."]`;
