// Jest Snapshot v1, https://goo.gl/fbAQLP

exports[`should fail to create multiple misconfigured subscriptions 1`] = `[Error: Failed to configure the Event Gateway. Failed to configure the Event Gateway. Failed to subscribe the event pageVisited to the function myFunctionTwo due the error: Function "myFunctionTwo" not found.]`;
